// Jest Snapshot v1, https://goo.gl/fbAQLP

exports[`testing customerEWasteService 1`] = `<Component />`;
