// Jest Snapshot v1, https://goo.gl/fbAQLP

exports[`testing customerPickUpService 1`] = `<Component />`;
