// Jest Snapshot v1, https://goo.gl/fbAQLP

exports[`testing collectorForSaleService 1`] = `<Component />`;
