// Jest Snapshot v1, https://goo.gl/fbAQLP

exports[`testing customerWasteGeneratedService 1`] = `<Component />`;
