// Jest Snapshot v1, https://goo.gl/fbAQLP

exports[`testing customerCollectorCategoriesService 1`] = `<Component />`;
