// Jest Snapshot v1, https://goo.gl/fbAQLP

exports[`testing collectorMyDrivesService 1`] = `<Component />`;
