// Jest Snapshot v1, https://goo.gl/fbAQLP

exports[`testing forgotPasswordService 1`] = `<Component />`;
