// Jest Snapshot v1, https://goo.gl/fbAQLP

exports[`testing api calls 1`] = `""`;
