// Jest Snapshot v1, https://goo.gl/fbAQLP

exports[`testing collectorEWasteDrivesService 1`] = `<Component />`;
