// Jest Snapshot v1, https://goo.gl/fbAQLP

exports[`testing collectorEWasteItemsService 1`] = `<Component />`;
