// Jest Snapshot v1, https://goo.gl/fbAQLP

exports[`testing collectorUsersService 1`] = `<Component />`;
