// Jest Snapshot v1, https://goo.gl/fbAQLP

exports[`testing collectorVendorService 1`] = `<Component />`;
