// Jest Snapshot v1, https://goo.gl/fbAQLP

exports[`testing customerCompletedRequestService 1`] = `<Component />`;
