// Jest Snapshot v1, https://goo.gl/fbAQLP

exports[`testing collectorPendingAcceptService 1`] = `<Component />`;
