// Jest Snapshot v1, https://goo.gl/fbAQLP

exports[`testing customerNotificationCountService 1`] = `<Component />`;
