// Jest Snapshot v1, https://goo.gl/fbAQLP

exports[`testing customerNotificationDataService 1`] = `<Component />`;
