// Jest Snapshot v1, https://goo.gl/fbAQLP

exports[`testing collectorNotificationDataService 1`] = `<Component />`;
