// Jest Snapshot v1, https://goo.gl/fbAQLP

exports[`testing customerPendingDeclineService 1`] = `<Component />`;
