// Jest Snapshot v1, https://goo.gl/fbAQLP

exports[`test rootSaga testing rootSaga 1`] = `<Component />`;
