// Jest Snapshot v1, https://goo.gl/fbAQLP

exports[`test categoryCarousel 1`] = `<Component />`;
