// Jest Snapshot v1, https://goo.gl/fbAQLP

exports[`testing customerDropOffService 1`] = `<Component />`;
