// Jest Snapshot v1, https://goo.gl/fbAQLP

exports[`test category items test category items 1`] = `
<ContextProvider
  value={
    Object {
      "getServerState": undefined,
      "store": Object {
        "clearActions": [Function],
        "dispatch": [Function],
        "getActions": [Function],
        "getState": [Function],
        "replaceReducer": [Function],
        "subscribe": [Function],
      },
      "subscription": Object {
        "addNestedSub": [Function],
        "getListeners": [Function],
        "handleChangeWrapper": [Function],
        "isSubscribed": [Function],
        "notifyNestedSubs": [Function],
        "trySubscribe": [Function],
        "tryUnsubscribe": [Function],
      },
    }
  }
>
  <Connect(Catg_Items) />
</ContextProvider>
`;
