// Jest Snapshot v1, https://goo.gl/fbAQLP

exports[`testing collectorNameService 1`] = `<Component />`;
