// Jest Snapshot v1, https://goo.gl/fbAQLP

exports[`test togglePassword test togglePassword Component 1`] = `"password"`;
