// Jest Snapshot v1, https://goo.gl/fbAQLP

exports[`testing googleSignInService 1`] = `<Component />`;
