// Jest Snapshot v1, https://goo.gl/fbAQLP

exports[`testing signInService 1`] = `<Component />`;
