// Jest Snapshot v1, https://goo.gl/fbAQLP

exports[`testing collectorPendingService 1`] = `<Component />`;
